{"CreationTime":"2021-06-05T11:49:26Z","PhysicalProcessorCount":2,"CoresPerPhysicalProcessor":1,"LogicalProcessorsPerPhysicalProcessor":2,"MaximumMemory":2147483648,"OSMajor":10,"OSMinor":0,"OSBuildNumber":17763,"OSPlatformId":2,"ServicePackMajor":0,"ServicePackMinor":0,"OSSuiteMask":400,"OSProductType":3,"OSCurrentTimeZone":65116,"OSDaylightInEffect":true,"SystemManufacturer":"VMware, Inc.","SystemProductName":"VMware7,1","SystemSMBIOSUUID":"49704D56-60F8-0A10-1C09-0156A066C2C3","SystemSerialNumber":"VMware-56 4d 70 49 f8 60 10 0a-1c 09 01 56 a0 66 c2 c3","SystemDNSHostName":"WIN-M5M48LSM8UB","SystemDomainName":"WORKGROUP","OSSerialNumber":"00431-20000-00000-AA261","OSCountryCode":"1","OSLastBootUpTime":"20210605044708.644043-420"}
{"CreationTime":"2021-06-05T11:49:26Z","PhysicalProcessorCount":2,"CoresPerPhysicalProcessor":1,"LogicalProcessorsPerPhysicalProcessor":2,"MaximumMemory":2147483648,"OSMajor":10,"OSMinor":0,"OSBuildNumber":17763,"OSPlatformId":2,"ServicePackMajor":0,"ServicePackMinor":0,"OSSuiteMask":400,"OSProductType":3,"OSCurrentTimeZone":65116,"OSDaylightInEffect":true}
{"CreationTime":"2021-06-05T11:56:47Z","PhysicalProcessorCount":2,"CoresPerPhysicalProcessor":1,"LogicalProcessorsPerPhysicalProcessor":2,"MaximumMemory":2147483648,"OSMajor":10,"OSMinor":0,"OSBuildNumber":17763,"OSPlatformId":2,"ServicePackMajor":0,"ServicePackMinor":0,"OSSuiteMask":400,"OSProductType":3,"OSCurrentTimeZone":0,"OSDaylightInEffect":false,"SystemManufacturer":"VMware, Inc.","SystemProductName":"VMware7,1","SystemSMBIOSUUID":"49704D56-60F8-0A10-1C09-0156A066C2C3","SystemSerialNumber":"VMware-56 4d 70 49 f8 60 10 0a-1c 09 01 56 a0 66 c2 c3","SystemDNSHostName":"DC-0","SystemDomainName":"WORKGROUP","OSSerialNumber":"00431-20000-00000-AA261","OSCountryCode":"1","OSLastBootUpTime":"20210605150348.500000+000"}
{"CreationTime":"2021-06-05T23:37:30Z","PhysicalProcessorCount":2,"CoresPerPhysicalProcessor":1,"LogicalProcessorsPerPhysicalProcessor":2,"MaximumMemory":2147483648,"OSMajor":10,"OSMinor":0,"OSBuildNumber":17763,"OSPlatformId":2,"ServicePackMajor":0,"ServicePackMinor":0,"OSSuiteMask":400,"OSProductType":3,"OSCurrentTimeZone":0,"OSDaylightInEffect":false,"SystemManufacturer":"VMware, Inc.","SystemProductName":"VMware7,1","SystemSMBIOSUUID":"49704D56-60F8-0A10-1C09-0156A066C2C3","SystemSerialNumber":"VMware-56 4d 70 49 f8 60 10 0a-1c 09 01 56 a0 66 c2 c3","SystemDNSHostName":"DC-1","SystemDomainName":"WORKGROUP","OSSerialNumber":"00431-20000-00000-AA261","OSCountryCode":"1","OSLastBootUpTime":"20210605233519.500000+000"}
{"CreationTime":"2021-06-12T23:35:18Z","PhysicalProcessorCount":2,"CoresPerPhysicalProcessor":1,"LogicalProcessorsPerPhysicalProcessor":2,"MaximumMemory":3145728000,"OSMajor":10,"OSMinor":0,"OSBuildNumber":17763,"OSPlatformId":2,"ServicePackMajor":0,"ServicePackMinor":0,"OSSuiteMask":400,"OSProductType":3,"OSCurrentTimeZone":0,"OSDaylightInEffect":false,"SystemManufacturer":"VMware, Inc.","SystemProductName":"VMware7,1","SystemSMBIOSUUID":"49704D56-60F8-0A10-1C09-0156A066C2C3","SystemSerialNumber":"VMware-56 4d 70 49 f8 60 10 0a-1c 09 01 56 a0 66 c2 c3","SystemDNSHostName":"DC-1","SystemDomainName":"WORKGROUP","OSSerialNumber":"00431-20000-00000-AA261","OSCountryCode":"1","OSLastBootUpTime":"20210612233304.500000+000"}
{"CreationTime":"2021-06-12T23:49:24Z","PhysicalProcessorCount":2,"CoresPerPhysicalProcessor":1,"LogicalProcessorsPerPhysicalProcessor":2,"MaximumMemory":3145728000,"OSMajor":10,"OSMinor":0,"OSBuildNumber":17763,"OSPlatformId":2,"ServicePackMajor":0,"ServicePackMinor":0,"OSSuiteMask":400,"OSProductType":2,"OSCurrentTimeZone":0,"OSDaylightInEffect":false,"SystemManufacturer":"VMware, Inc.","SystemProductName":"VMware7,1","SystemSMBIOSUUID":"49704D56-60F8-0A10-1C09-0156A066C2C3","SystemSerialNumber":"VMware-56 4d 70 49 f8 60 10 0a-1c 09 01 56 a0 66 c2 c3","SystemDNSHostName":"DC-1","SystemDomainName":"lab.net","OSSerialNumber":"00431-20000-00000-AA261","OSCountryCode":"1","OSLastBootUpTime":"20210612234657.500000+000"}
{"CreationTime":"2021-06-13T13:55:07Z","PhysicalProcessorCount":2,"CoresPerPhysicalProcessor":1,"LogicalProcessorsPerPhysicalProcessor":2,"MaximumMemory":3145728000,"OSMajor":10,"OSMinor":0,"OSBuildNumber":17763,"OSPlatformId":2,"ServicePackMajor":0,"ServicePackMinor":0,"OSSuiteMask":400,"OSProductType":2,"OSCurrentTimeZone":0,"OSDaylightInEffect":false,"SystemManufacturer":"VMware, Inc.","SystemProductName":"VMware7,1","SystemSMBIOSUUID":"7F944D56-E8AC-DE56-BB00-0F02B5B82B0D","SystemSerialNumber":"VMware-56 4d 94 7f ac e8 56 de-bb 00 0f 02 b5 b8 2b 0d","SystemDNSHostName":"DC-1","SystemDomainName":"lab.net","OSSerialNumber":"00431-20000-00000-AA261","OSCountryCode":"1","OSLastBootUpTime":"20210619144053.546101+000"}
