{"ContainerId":1,"SetId":0,"Flags":68,"Size":0,"Limit":1024,"LastScavengeTime":0,"EntryMaxAge":0,"LastAccessTime":133370576566552287,"Name":"History","PartitionId":"M","Directory":"C:\\Users\\Administrator\\AppData\\Local\\Microsoft\\Windows\\History\\History.IE5\\"}
{"ContainerId":2,"SetId":0,"Flags":64,"Size":0,"Limit":1024,"LastScavengeTime":0,"EntryMaxAge":0,"LastAccessTime":133370576566722799,"Name":"MSHist012023082020230821","PartitionId":"M","Directory":"C:\\Users\\Administrator\\AppData\\Local\\Microsoft\\Windows\\History\\History.IE5\\MSHist012023082020230821\\"}
{"EntryId":2,"ContainerId":2,"CacheId":0,"UrlHash":3019452809937611611,"SecureDirectory":0,"FileSize":0,"Type":2097156,"Flags":4,"AccessCount":1,"SyncTime":133370576566752849,"CreationTime":0,"ExpiryTime":0,"ModifiedTime":133370324566642496,"AccessedTime":133370576566752849,"PostCheckTime":0,"SyncCount":0,"ExemptionDelta":86400,"Url":":2023082020230821: Administrator@:Host: This PC"}
{"EntryId":1,"ContainerId":2,"CacheId":0,"UrlHash":8670262967669071927,"SecureDirectory":0,"FileSize":0,"Type":2097156,"Flags":4,"AccessCount":1,"SyncTime":133370576566722799,"CreationTime":0,"ExpiryTime":133393040566647726,"ModifiedTime":133370324566642496,"AccessedTime":133370576566722799,"PostCheckTime":0,"SyncCount":0,"ExemptionDelta":86400,"Url":":2023082020230821: Administrator@file:///C:/מדריך/test.html"}
